// Jest Snapshot v1, https://goo.gl/fbAQLP

exports[`SignInContainer renders correctly 1`] = `ShallowWrapper {}`;
