// Jest Snapshot v1, https://goo.gl/fbAQLP

exports[`LayoutContainer renders correctly 1`] = `ShallowWrapper {}`;
