// Jest Snapshot v1, https://goo.gl/fbAQLP

exports[`withPrivate component renders correctly 1`] = `ShallowWrapper {}`;
