// Jest Snapshot v1, https://goo.gl/fbAQLP

exports[`OfferContainer renders correctly 1`] = `ShallowWrapper {}`;
