// Jest Snapshot v1, https://goo.gl/fbAQLP

exports[`AppContainer renders correctly 1`] = `ShallowWrapper {}`;
